// Jest Snapshot v1, https://goo.gl/fbAQLP

exports[`passes snapshot tests 1`] = `
Object {
  "Parameters": Object {
    "AssetParametersf1b4100c7e75a88e353307fe9310f883ef7e10a756d98b9b64a12de930b9ff0cArtifactHashB48D9186": Object {
      "Description": "Artifact hash for asset \\"f1b4100c7e75a88e353307fe9310f883ef7e10a756d98b9b64a12de930b9ff0c\\"",
      "Type": "String",
    },
    "AssetParametersf1b4100c7e75a88e353307fe9310f883ef7e10a756d98b9b64a12de930b9ff0cS3Bucket9F03FBAD": Object {
      "Description": "S3 bucket for asset \\"f1b4100c7e75a88e353307fe9310f883ef7e10a756d98b9b64a12de930b9ff0c\\"",
      "Type": "String",
    },
    "AssetParametersf1b4100c7e75a88e353307fe9310f883ef7e10a756d98b9b64a12de930b9ff0cS3VersionKey8A3BD6DB": Object {
      "Description": "S3 key for asset version \\"f1b4100c7e75a88e353307fe9310f883ef7e10a756d98b9b64a12de930b9ff0c\\"",
      "Type": "String",
    },
  },
  "Resources": Object {
    "SingletonLambdaSingleton284921f4cb3533ed3A984D71": Object {
      "DependsOn": Array [
        "SingletonLambdaSingleton284921f4cb3533edServiceRoleF945F232",
      ],
      "Properties": Object {
        "Code": Object {
          "S3Bucket": Object {
            "Ref": "AssetParametersf1b4100c7e75a88e353307fe9310f883ef7e10a756d98b9b64a12de930b9ff0cS3Bucket9F03FBAD",
          },
          "S3Key": Object {
            "Fn::Join": Array [
              "",
              Array [
                Object {
                  "Fn::Select": Array [
                    0,
                    Object {
                      "Fn::Split": Array [
                        "||",
                        Object {
                          "Ref": "AssetParametersf1b4100c7e75a88e353307fe9310f883ef7e10a756d98b9b64a12de930b9ff0cS3VersionKey8A3BD6DB",
                        },
                      ],
                    },
                  ],
                },
                Object {
                  "Fn::Select": Array [
                    1,
                    Object {
                      "Fn::Split": Array [
                        "||",
                        Object {
                          "Ref": "AssetParametersf1b4100c7e75a88e353307fe9310f883ef7e10a756d98b9b64a12de930b9ff0cS3VersionKey8A3BD6DB",
                        },
                      ],
                    },
                  ],
                },
              ],
            ],
          },
        },
        "Environment": Object {
          "Variables": Object {
            "WEBHOOK_URL": "url",
          },
        },
        "Handler": "index.handler",
        "Role": Object {
          "Fn::GetAtt": Array [
            "SingletonLambdaSingleton284921f4cb3533edServiceRoleF945F232",
            "Arn",
          ],
        },
        "Runtime": "nodejs14.x",
      },
      "Type": "AWS::Lambda::Function",
    },
    "SingletonLambdaSingleton284921f4cb3533edServiceRoleF945F232": Object {
      "Properties": Object {
        "AssumeRolePolicyDocument": Object {
          "Statement": Array [
            Object {
              "Action": "sts:AssumeRole",
              "Effect": "Allow",
              "Principal": Object {
                "Service": "lambda.amazonaws.com",
              },
            },
          ],
          "Version": "2012-10-17",
        },
        "ManagedPolicyArns": Array [
          Object {
            "Fn::Join": Array [
              "",
              Array [
                "arn:",
                Object {
                  "Ref": "AWS::Partition",
                },
                ":iam::aws:policy/service-role/AWSLambdaBasicExecutionRole",
              ],
            ],
          },
        ],
      },
      "Type": "AWS::IAM::Role",
    },
    "UserOne348BCE11": Object {
      "Type": "AWS::IAM::User",
    },
    "UserOneAccessKey08F2CF6A": Object {
      "Properties": Object {
        "UserName": Object {
          "Ref": "UserOne348BCE11",
        },
      },
      "Type": "AWS::IAM::AccessKey",
    },
    "UserOneAccessKeyNotification1C3B9FC2": Object {
      "DeletionPolicy": "Delete",
      "Properties": Object {
        "ServiceToken": Object {
          "Fn::GetAtt": Array [
            "SingletonLambdaSingleton284921f4cb3533ed3A984D71",
            "Arn",
          ],
        },
        "accessKeyId": Object {
          "Ref": "UserOneAccessKey08F2CF6A",
        },
        "accessKeySecret": Object {
          "Fn::GetAtt": Array [
            "UserOneAccessKey08F2CF6A",
            "SecretAccessKey",
          ],
        },
        "userName": Object {
          "Ref": "UserOne348BCE11",
        },
      },
      "Type": "AWS::CloudFormation::CustomResource",
      "UpdateReplacePolicy": "Delete",
    },
  },
}
`;
